./tests/resources/test_run_measure/xml_files_gt/0033_nzz_18120804_0_0_a1_p1_1.xml
./tests/resources/test_run_measure/xml_files_gt/0034_nzz_18130618_0_0_a1_p1_1.xml
./tests/resources/test_run_measure/xml_files_gt/0035_nzz_18141004_0_0_a1_p1_1.xml
./tests/resources/test_run_measure/xml_files_gt/0036_nzz_18150131_0_0_a1_p1_1.xml
./tests/resources/test_run_measure/xml_files_gt/18840315_1-0001.xml
./tests/resources/test_run_measure/xml_files_gt/18840315_1-0002.xml
./tests/resources/test_run_measure/xml_files_gt/18840315_1-0003.xml
./tests/resources/test_run_measure/xml_files_gt/18840315_1-0004.xml
./tests/resources/test_run_measure/xml_files_gt/19000715_1-0001.xml
./tests/resources/test_run_measure/xml_files_gt/19000715_1-0002.xml
./tests/resources/test_run_measure/xml_files_gt/19000715_1-0003.xml
./tests/resources/test_run_measure/xml_files_gt/19420115_1-0001.xml
./tests/resources/test_run_measure/xml_files_gt/19420115_1-0002.xml
./tests/resources/test_run_measure/xml_files_gt/19420115_1-0003.xml
